Microchip MPLAB XC8 Compiler V2.40

Linker command line:

-W-3 \
  --edf=C:\Program Files\Microchip\xc8\v2.40\pic\dat\20220703182018_en.msgs \
  -cn -h+dist/default/production\ED2-Lab03.X.production.sym \
  --cmf=dist/default/production\ED2-Lab03.X.production.cmf -z -Q16F887 \
  -oC:\Users\Pablo\AppData\Local\Temp\xcAsh90.4 --defsym=__MPLAB_BUILD=1 \
  --fixupoverflow=error \
  -Mdist/default/production/ED2-Lab03.X.production.map \
  --md=C:\Users\Pablo\AppData\Local\Temp\xcAsh90.dat -E1 -ver=XC8 Compiler \
  --acfsm=1493 -ACODE=00h-07FFhx4 -ASTRCODE=00h-01FFFh -ASTRING=00h-0FFhx32 \
  -ACONST=00h-0FFhx32 -AENTRY=00h-0FFhx32 -ACOMMON=070h-07Fh \
  -ABANK0=020h-06Fh -ABANK1=0A0h-0EFh -ABANK2=0110h-016Fh \
  -ABANK3=0190h-01EFh -ARAM=020h-06Fh,0A0h-0EFh,0110h-016Fh,0190h-01EFh \
  -AABS1=020h-07Fh,0A0h-0EFh,0110h-016Fh,0190h-01EFh -ASFR0=00h-01Fh \
  -ASFR1=080h-09Fh -ASFR2=0100h-010Fh -ASFR3=0180h-018Fh \
  -ACONFIG=02007h-02008h -DCONFIG=2 -AIDLOC=02000h-02003h -DIDLOC=2 \
  -AEEDATA=00h-0FFh/02100h -peeprom_data=EEDATA -DEEDATA=2 -DCODE=2 \
  -DSTRCODE=2 -DSTRING=2 -DCONST=2 -DENTRY=2 \
  -preset_vec=00h,intentry,init,end_init -ppowerup=CODE -pcinit=CODE \
  -pfunctab=ENTRY -k C:\Users\Pablo\AppData\Local\Temp\xcAsh90.o \
  dist/default/production\ED2-Lab03.X.production.o 

Object code version is 3.11

Machine type is 16F887



                Name                               Link     Load   Length Selector   Space Scale
C:\Users\Pablo\AppData\Local\Temp\xcAsh90.o
                end_init                              0        0        3        0       0
                config                             2007     2007        2        0       4
                idloc                              2000     2000        4        0       5
dist/default/production\ED2-Lab03.X.production.o
                cinit                               7F3      7F3        D      FE6       0
                config                             2007     2007        2        0       4
                idloc                              2000     2000        4        0       5
                text38                             193C     193C       22     3278       0
                text37                             1922     1922       1A     3244       0
                text36                             18FF     18FF        D     31FE       0
                text35                             1C41     1C41       5D     3882       0
                text34                             1AB0     1AB0       46     3560       0
                text33                               C8       C8       33      190       0
                text32                             1A2A     1A2A       42     3454       0
                text31                             1E2D     1E2D      1D3     3C5A       0
                text30                             1DC4     1DC4       69     3B88       0
                text29                             1BE8     1BE8       59     37D0       0
                text28                             1A6C     1A6C       44     34D8       0
                text27                             19F0     19F0       3A     33E0       0
                text26                             1CFD     1CFD       61     39FA       0
                text25                             1B44     1B44       50     3688       0
                text24                             190C     190C       16     3218       0
                text23                             195E     195E       22     32BC       0
                text22                             1C9E     1C9E       5F     393C       0
                text21                             18DC     18DC        7     31B8       0
                text20                             18EB     18EB        9     31D6       0
                text19                             18D6     18D6        6     31AC       0
                text18                             1AF6     1AF6       4E     35EC       0
                text17                              802      802       A2     1004       0
                text16                             18F4     18F4        B     31E8       0
                text15                             134E     134E      258     269C       0
                text14                             1980     1980       24     3300       0
                text13                             1014     1014       78     2028       0
                text12                             1D5E     1D5E       66     3ABC       0
                text11                             1B94     1B94       54     3728       0
                text10                             19A4     19A4       25     3348       0
                text9                               8A4      8A4       B8     1148       0
                text8                                FB       FB       B8      1F6       0
                text7                              108C     108C       B7     2118       0
                text6                              19C9     19C9       27     3392       0
                text5                               95C      95C      345     12B8       0
                text4                              1143     1143      20B     2286       0
                text3                              1002     1002       12     2004       0
                text2                               CA1      CA1      35F     1942       0
                text1                               1B3      1B3      640      366       0
                maintext                           15A6     15A6      25A     2B4C       0
                cstackBANK0                          20       20       4E       20       1
                cstackCOMMON                         70       70        E       70       1
                cstackBANK1                          A0       A0       27       A0       1
                clrtext                            18E3     18E3        8     31C6       0
                bssBANK1                             C7       C7       15       A0       1
                strings                               3        3       C4        6       0

TOTAL           Name                               Link     Load   Length     Space
        CLASS   CODE           
                end_init                              0        0        3         0
                cinit                               7F3      7F3        D         0
                text38                             193C     193C       22         0
                text37                             1922     1922       1A         0
                text36                             18FF     18FF        D         0
                text35                             1C41     1C41       5D         0
                text34                             1AB0     1AB0       46         0
                text33                               C8       C8       33         0
                text32                             1A2A     1A2A       42         0
                text31                             1E2D     1E2D      1D3         0
                text30                             1DC4     1DC4       69         0
                text29                             1BE8     1BE8       59         0
                text28                             1A6C     1A6C       44         0
                text27                             19F0     19F0       3A         0
                text26                             1CFD     1CFD       61         0
                text25                             1B44     1B44       50         0
                text24                             190C     190C       16         0
                text23                             195E     195E       22         0
                text22                             1C9E     1C9E       5F         0
                text21                             18DC     18DC        7         0
                text20                             18EB     18EB        9         0
                text19                             18D6     18D6        6         0
                text18                             1AF6     1AF6       4E         0
                text17                              802      802       A2         0
                text16                             18F4     18F4        B         0
                text15                             134E     134E      258         0
                text14                             1980     1980       24         0
                text13                             1014     1014       78         0
                text12                             1D5E     1D5E       66         0
                text11                             1B94     1B94       54         0
                text10                             19A4     19A4       25         0
                text9                               8A4      8A4       B8         0
                text8                                FB       FB       B8         0
                text7                              108C     108C       B7         0
                text6                              19C9     19C9       27         0
                text5                               95C      95C      345         0
                text4                              1143     1143      20B         0
                text3                              1002     1002       12         0
                text2                               CA1      CA1      35F         0
                text1                               1B3      1B3      640         0
                maintext                           15A6     15A6      25A         0
                clrtext                            18E3     18E3        8         0

        CLASS   STRCODE        

        CLASS   STRING         
                strings                               3        3       C4         0

        CLASS   CONST          

        CLASS   ENTRY          

        CLASS   COMMON         
                cstackCOMMON                         70       70        E         1

        CLASS   BANK0          
                cstackBANK0                          20       20       4E         1

        CLASS   BANK1          
                cstackBANK1                          A0       A0       27         1
                bssBANK1                             C7       C7       15         1

        CLASS   BANK2          

        CLASS   BANK3          

        CLASS   RAM            

        CLASS   ABS1           
                abs_s1                               7E       7E        2         1

        CLASS   SFR0           

        CLASS   SFR1           

        CLASS   SFR2           

        CLASS   SFR3           

        CLASS   CONFIG         
                config                             2007     2007        2         4

        CLASS   IDLOC          
                idloc                              2000     2000        4         5

        CLASS   EEDATA         

        CLASS   STACK          



SEGMENTS        Name                           Load    Length   Top    Selector   Space  Class     Delta

                reset_vec                      000000  000003  000003         0       0  CODE        2
                strings                        000003  0000C4  0000C7         6       0  STRING      2
                cstackBANK0                    000020  00004E  00006E        20       1  BANK0       1
                cstackCOMMON                   000070  00000E  00007E        70       1  COMMON      1
                cstackBANK1                    0000A0  00003C  0000DC        A0       1  BANK1       1
                text33                         0000C8  000033  0000FB       190       0  CODE        2
                text8                          0000FB  0000B8  0001B3       1F6       0  CODE        2
                text1                          0001B3  000640  0007F3       366       0  CODE        2
                cinit                          0007F3  00000D  000800       FE6       0  CODE        2
                text17                         000802  0000A2  0008A4      1004       0  CODE        2
                text9                          0008A4  0000B8  00095C      1148       0  CODE        2
                text5                          00095C  000345  000CA1      12B8       0  CODE        2
                text2                          000CA1  00035F  001000      1942       0  CODE        2
                text3                          001002  000012  001014      2004       0  CODE        2
                text13                         001014  000078  00108C      2028       0  CODE        2
                text7                          00108C  0000B7  001143      2118       0  CODE        2
                text4                          001143  00020B  00134E      2286       0  CODE        2
                text15                         00134E  000258  0015A6      269C       0  CODE        2
                maintext                       0015A6  00025A  001800      2B4C       0  CODE        2
                text19                         0018D6  000006  0018DC      31AC       0  CODE        2
                text21                         0018DC  000007  0018E3      31B8       0  CODE        2
                clrtext                        0018E3  000008  0018EB      31C6       0  CODE        2
                text20                         0018EB  000009  0018F4      31D6       0  CODE        2
                text16                         0018F4  00000B  0018FF      31E8       0  CODE        2
                text36                         0018FF  00000D  00190C      31FE       0  CODE        2
                text24                         00190C  000016  001922      3218       0  CODE        2
                text37                         001922  00001A  00193C      3244       0  CODE        2
                text38                         00193C  000022  00195E      3278       0  CODE        2
                text23                         00195E  000022  001980      32BC       0  CODE        2
                text14                         001980  000024  0019A4      3300       0  CODE        2
                text10                         0019A4  000025  0019C9      3348       0  CODE        2
                text6                          0019C9  000027  0019F0      3392       0  CODE        2
                text27                         0019F0  00003A  001A2A      33E0       0  CODE        2
                text32                         001A2A  000042  001A6C      3454       0  CODE        2
                text28                         001A6C  000044  001AB0      34D8       0  CODE        2
                text34                         001AB0  000046  001AF6      3560       0  CODE        2
                text18                         001AF6  00004E  001B44      35EC       0  CODE        2
                text25                         001B44  000050  001B94      3688       0  CODE        2
                text11                         001B94  000054  001BE8      3728       0  CODE        2
                text29                         001BE8  000059  001C41      37D0       0  CODE        2
                text35                         001C41  00005D  001C9E      3882       0  CODE        2
                text22                         001C9E  00005F  001CFD      393C       0  CODE        2
                text26                         001CFD  000061  001D5E      39FA       0  CODE        2
                text12                         001D5E  000066  001DC4      3ABC       0  CODE        2
                text30                         001DC4  000069  001E2D      3B88       0  CODE        2
                text31                         001E2D  0001D3  002000      3C5A       0  CODE        2


UNUSED ADDRESS RANGES

        Name                Unused          Largest block    Delta
        BANK0            006E-006F              2           1
        BANK1            00DC-00EF             14           1
        BANK2            0110-016F             60           1
        BANK3            0190-01EF             60           1
        CODE             00C7-00C7              1           2
                         0800-0801              2
                         1000-1001              2
                         1800-18D5             D6
        CONST            00C7-00C7              1           2
                         0800-0801              2
                         1000-1001              2
                         1800-18D5             D6
        EEDATA           2100-21FF            100           2
        ENTRY            00C7-00C7              1           2
                         0800-0801              2
                         1000-1001              2
                         1800-18D5             D6
        RAM              006E-006F              2           1
                         00DC-00EF             14
                         0110-016F             60
                         0190-01EF             60
        SFR0             0000-001F             20           1
        SFR1             0080-009F             20           1
        SFR2             0100-010F             10           1
        SFR3             0180-018F             10           1
        STRCODE          00C7-00C7              1           2
                         0800-0801              2
                         1000-1001              2
                         1800-18D5             D6
        STRING           00C7-00C7              1           2
                         0800-0801              2
                         1000-1001              2
                         1800-18D5             D6

                                  Symbol Table

?__Umul8_16               cstackCOMMON 0070
?___awdiv                 cstackCOMMON 0077
?___awmod                 cstackCOMMON 0070
?___fladd                 cstackBANK0  0052
?___fldiv                 cstackBANK0  003E
?___flmul                 cstackBANK0  0024
?___flneg                 cstackCOMMON 0070
?___flsub                 cstackBANK0  0066
?___fltol                 cstackBANK0  0051
?___lldiv                 cstackCOMMON 0070
?___llmod                 cstackCOMMON 0070
?___lwdiv                 cstackCOMMON 0076
?___lwmod                 cstackCOMMON 0070
?___wmul                  cstackCOMMON 0070
?___xxtofl                cstackCOMMON 0070
?__div_to_l_              cstackCOMMON 0070
?__tdiv_to_l_             cstackCOMMON 0070
?_fround                  cstackBANK0  003E
?_scale                   cstackBANK0  003E
?_sprintf                 cstackBANK1  00A0
Lcd_Cmd@a                 cstackCOMMON 0073
Lcd_Port@a                cstackCOMMON 0070
Lcd_Set_Cursor@a          cstackCOMMON 0076
Lcd_Set_Cursor@b          cstackCOMMON 0074
Lcd_Set_Cursor@temp       cstackCOMMON 0079
Lcd_Set_Cursor@y          cstackCOMMON 0078
Lcd_Set_Cursor@z          cstackCOMMON 0077
Lcd_Write_Char@a          cstackCOMMON 0074
Lcd_Write_Char@temp       cstackCOMMON 0072
Lcd_Write_Char@y          cstackCOMMON 0073
Lcd_Write_String@a        cstackCOMMON 0075
Lcd_Write_String@i        cstackCOMMON 007A
_ANSEL                    (abs)        0188
_ANSELH                   (abs)        0189
_Lcd_Clear                text36       18FF
_Lcd_Cmd                  text37       1922
_Lcd_Init                 text35       1C41
_Lcd_Port                 text38       193C
_Lcd_Set_Cursor           text34       1AB0
_Lcd_Write_Char           text33       00C8
_Lcd_Write_String         text32       1A2A
_OSCCONbits               (abs)        008F
_PORTA                    (abs)        0005
_PORTAbits                (abs)        0005
_PORTB                    (abs)        0006
_PORTD                    (abs)        0008
_PORTDbits                (abs)        0008
_RA0                      (abs)        0028
_RA1                      (abs)        0029
_RD3                      (abs)        0043
_RD4                      (abs)        0044
_RD5                      (abs)        0045
_RD6                      (abs)        0046
_RD7                      (abs)        0047
_SSPBUF                   (abs)        0013
_SSPCON                   (abs)        0014
_SSPSTAT                  (abs)        0094
_SSPSTATbits              (abs)        0094
_TRISA                    (abs)        0085
_TRISB                    (abs)        0086
_TRISC3                   (abs)        043B
_TRISC5                   (abs)        043D
_TRISD                    (abs)        0088
__Habs1                   abs1         0000
__Hbank0                  bank0        0000
__Hbank1                  bank1        0000
__Hbank2                  bank2        0000
__Hbank3                  bank3        0000
__HbssBANK1               bssBANK1     0000
__Hcinit                  cinit        0800
__Hclrtext                clrtext      0000
__Hcode                   code         0000
__Hcommon                 common       0000
__Hconfig                 config       2009
__HcstackBANK0            cstackBANK0  0000
__HcstackBANK1            cstackBANK1  0000
__HcstackCOMMON           cstackCOMMON 0000
__Heeprom_data            eeprom_data  0000
__Hend_init               end_init     0003
__Hfunctab                functab      0000
__Hidloc                  idloc        2004
__Hinit                   init         0000
__Hintentry               intentry     0000
__Hmaintext               maintext     0000
__Hpowerup                powerup      0000
__Hram                    ram          0000
__Hreset_vec              reset_vec    0000
__Hsfr0                   sfr0         0000
__Hsfr1                   sfr1         0000
__Hsfr2                   sfr2         0000
__Hsfr3                   sfr3         0000
__Hspace_0                (abs)        2000
__Hspace_1                (abs)        00DC
__Hspace_2                (abs)        0000
__Hspace_3                (abs)        0000
__Hspace_4                (abs)        4010
__Hstack                  stack        0000
__Hstrings                strings      0000
__Htext                   text         0000
__Labs1                   abs1         0000
__Lbank0                  bank0        0000
__Lbank1                  bank1        0000
__Lbank2                  bank2        0000
__Lbank3                  bank3        0000
__LbssBANK1               bssBANK1     0000
__Lcinit                  cinit        07F3
__Lclrtext                clrtext      0000
__Lcode                   code         0000
__Lcommon                 common       0000
__Lconfig                 config       0000
__LcstackBANK0            cstackBANK0  0000
__LcstackBANK1            cstackBANK1  0000
__LcstackCOMMON           cstackCOMMON 0000
__Leeprom_data            eeprom_data  0000
__Lend_init               end_init     0000
__Lfunctab                functab      0000
__Lidloc                  idloc        0000
__Linit                   init         0000
__Lintentry               intentry     0000
__Lmaintext               maintext     0000
__Lpowerup                powerup      0000
__Lram                    ram          0000
__Lreset_vec              reset_vec    0000
__Lsfr0                   sfr0         0000
__Lsfr1                   sfr1         0000
__Lsfr2                   sfr2         0000
__Lsfr3                   sfr3         0000
__Lspace_0                (abs)        0000
__Lspace_1                (abs)        0000
__Lspace_2                (abs)        0000
__Lspace_3                (abs)        0000
__Lspace_4                (abs)        0000
__Lstack                  stack        0000
__Lstrings                strings      0000
__Ltext                   text         0000
__S0                      (abs)        2000
__S1                      (abs)        00DC
__S3                      (abs)        0000
__Umul8_16                text6        19C9
__Umul8_16@multiplicand   cstackCOMMON 0070
__Umul8_16@multiplier     cstackCOMMON 0078
__Umul8_16@product        cstackCOMMON 0074
__Umul8_16@word_mpld      cstackCOMMON 0076
___awdiv                  text30       1DC4
___awdiv@counter          cstackBANK0  0020
___awdiv@dividend         cstackCOMMON 0079
___awdiv@divisor          cstackCOMMON 0077
___awdiv@quotient         cstackBANK0  0022
___awdiv@sign             cstackBANK0  0021
___awmod                  text29       1BE8
___awmod@counter          cstackCOMMON 0075
___awmod@dividend         cstackCOMMON 0072
___awmod@divisor          cstackCOMMON 0070
___awmod@sign             cstackCOMMON 0076
___fladd                  text15       134E
___fladd@a                cstackBANK0  0056
___fladd@aexp             cstackBANK0  0063
___fladd@b                cstackBANK0  0052
___fladd@bexp             cstackBANK0  0064
___fladd@grs              cstackBANK0  0065
___fladd@signs            cstackBANK0  0062
___fldiv                  text31       1E2D
___fldiv@a                cstackBANK0  003E
___fldiv@aexp             cstackBANK0  0057
___fldiv@b                cstackBANK0  0042
___fldiv@bexp             cstackBANK0  0056
___fldiv@grs              cstackBANK0  0052
___fldiv@new_exp          cstackBANK0  0050
___fldiv@rem              cstackBANK0  004B
___fldiv@sign             cstackBANK0  004F
___fleq                   text18       1AF6
___fleq@ff1               cstackCOMMON 0070
___fleq@ff2               cstackCOMMON 0074
___flge                   text17       0802
___flge@ff1               cstackCOMMON 0070
___flge@ff2               cstackCOMMON 0074
___flmul                  text5        095C
___flmul@a                cstackBANK0  0028
___flmul@aexp             cstackBANK0  0036
___flmul@b                cstackBANK0  0024
___flmul@bexp             cstackBANK0  0037
___flmul@grs              cstackBANK0  0032
___flmul@prod             cstackBANK0  0038
___flmul@sign             cstackBANK0  0031
___flmul@temp             cstackBANK0  003C
___flneg                  text16       18F4
___flneg@f1               cstackCOMMON 0070
___flsub                  text14       1980
___flsub@a                cstackBANK0  0066
___flsub@b                cstackBANK0  006A
___fltol                  text13       1014
___fltol@exp1             cstackBANK0  005A
___fltol@f1               cstackBANK0  0051
___fltol@sign1            cstackBANK0  0059
___int_sp                 stack        0000
___latbits                (abs)        0002
___lldiv                  text12       1D5E
___lldiv@counter          cstackCOMMON 007D
___lldiv@dividend         cstackCOMMON 0074
___lldiv@divisor          cstackCOMMON 0070
___lldiv@quotient         cstackCOMMON 0079
___llmod                  text11       1B94
___llmod@counter          cstackCOMMON 0079
___llmod@dividend         cstackCOMMON 0074
___llmod@divisor          cstackCOMMON 0070
___lwdiv                  text28       1A6C
___lwdiv@counter          cstackCOMMON 007D
___lwdiv@dividend         cstackCOMMON 0078
___lwdiv@divisor          cstackCOMMON 0076
___lwdiv@quotient         cstackCOMMON 007B
___lwmod                  text27       19F0
___lwmod@counter          cstackCOMMON 0075
___lwmod@dividend         cstackCOMMON 0072
___lwmod@divisor          cstackCOMMON 0070
___sp                     stack        0000
___stackhi                (abs)        0000
___stacklo                (abs)        0000
___wmul                   text10       19A4
___wmul@multiplicand      cstackCOMMON 0072
___wmul@multiplier        cstackCOMMON 0070
___wmul@product           cstackCOMMON 0074
___xxtofl                 text9        08A4
___xxtofl@arg             cstackCOMMON 007A
___xxtofl@exp             cstackCOMMON 0079
___xxtofl@sign            cstackCOMMON 0078
___xxtofl@val             cstackCOMMON 0070
__div_to_l_               text8        00FB
__div_to_l_@cntr          cstackBANK0  0024
__div_to_l_@exp1          cstackBANK0  0025
__div_to_l_@f1            cstackCOMMON 0070
__div_to_l_@f2            cstackCOMMON 0074
__div_to_l_@quot          cstackBANK0  0020
__end_of_Lcd_Clear        text36       190C
__end_of_Lcd_Cmd          text37       193C
__end_of_Lcd_Init         text35       1C9E
__end_of_Lcd_Port         text38       195E
__end_of_Lcd_Set_Cursor   text34       1AF6
__end_of_Lcd_Write_Char   text33       00FB
__end_of_Lcd_Write_String text32       1A6C
__end_of__Umul8_16        text6        19F0
__end_of___awdiv          text30       1E2D
__end_of___awmod          text29       1C41
__end_of___fladd          text15       15A6
__end_of___fldiv          text31       2000
__end_of___fleq           text18       1B44
__end_of___flge           text17       08A4
__end_of___flmul          text5        0CA1
__end_of___flneg          text16       18FF
__end_of___flsub          text14       19A4
__end_of___fltol          text13       108C
__end_of___lldiv          text12       1DC4
__end_of___llmod          text11       1BE8
__end_of___lwdiv          text28       1AB0
__end_of___lwmod          text27       1A2A
__end_of___wmul           text10       19C9
__end_of___xxtofl         text9        095C
__end_of__div_to_l_       text8        01B3
__end_of__initialization  cinit        07FC
__end_of__npowers_        strings      007B
__end_of__powers_         strings      0047
__end_of__stringtab       strings      0013
__end_of__tdiv_to_l_      text7        1143
__end_of_descomponer      text26       1D5E
__end_of_dpowers          strings      00A3
__end_of_fround           text4        134E
__end_of_inttochar        text25       1B94
__end_of_isdigit          text3        1014
__end_of_main             maintext     1800
__end_of_portsetup        text23       1980
__end_of_scale            text2        1000
__end_of_setupINTOSC      text22       1CFD
__end_of_spiInit          text24       1922
__end_of_spiRead          text20       18F4
__end_of_spiReceiveWait   text21       18E3
__end_of_spiWrite         text19       18DC
__end_of_sprintf          text1        07F3
__initialization          cinit        07F3
__npowers_                strings      0047
__pbssBANK1               bssBANK1     00C7
__pcstackBANK0            cstackBANK0  0020
__pcstackBANK1            cstackBANK1  00A0
__pcstackCOMMON           cstackCOMMON 0070
__pmaintext               maintext     15A6
__powers_                 strings      0013
__pstrings                strings      0003
__ptext1                  text1        01B3
__ptext10                 text10       19A4
__ptext11                 text11       1B94
__ptext12                 text12       1D5E
__ptext13                 text13       1014
__ptext14                 text14       1980
__ptext15                 text15       134E
__ptext16                 text16       18F4
__ptext17                 text17       0802
__ptext18                 text18       1AF6
__ptext19                 text19       18D6
__ptext2                  text2        0CA1
__ptext20                 text20       18EB
__ptext21                 text21       18DC
__ptext22                 text22       1C9E
__ptext23                 text23       195E
__ptext24                 text24       190C
__ptext25                 text25       1B44
__ptext26                 text26       1CFD
__ptext27                 text27       19F0
__ptext28                 text28       1A6C
__ptext29                 text29       1BE8
__ptext3                  text3        1002
__ptext30                 text30       1DC4
__ptext31                 text31       1E2D
__ptext32                 text32       1A2A
__ptext33                 text33       00C8
__ptext34                 text34       1AB0
__ptext35                 text35       1C41
__ptext36                 text36       18FF
__ptext37                 text37       1922
__ptext38                 text38       193C
__ptext4                  text4        1143
__ptext5                  text5        095C
__ptext6                  text6        19C9
__ptext7                  text7        108C
__ptext8                  text8        00FB
__ptext9                  text9        08A4
__stringbase              strings      0012
__stringtab               strings      0003
__tdiv_to_l_              text7        108C
__tdiv_to_l_@cntr         cstackBANK0  0024
__tdiv_to_l_@exp1         cstackBANK0  0025
__tdiv_to_l_@f1           cstackCOMMON 0070
__tdiv_to_l_@f2           cstackCOMMON 0074
__tdiv_to_l_@quot         cstackBANK0  0020
_cent                     bssBANK1     00D1
_cont                     bssBANK1     00CF
_conver                   bssBANK1     00CB
_conver1                  bssBANK1     00C7
_dec                      bssBANK1     00D2
_descomponer              text26       1CFD
_dpowers                  strings      007B
_fround                   text4        1143
_fround$1165              cstackBANK0  004D
_fround$1166              cstackBANK0  0049
_inttochar                text25       1B44
_isdigit                  text3        1002
_isdigit$976              cstackCOMMON 0070
_lecADC                   bssBANK1     00D5
_lecADC2                  bssBANK1     00D4
_main                     maintext     15A6
_portsetup                text23       195E
_scale                    text2        0CA1
_scale$1167               cstackBANK0  004C
_setupINTOSC              text22       1C9E
_spiInit                  text24       190C
_spiRead                  text20       18EB
_spiReceiveWait           text21       18DC
_spiWrite                 text19       18D6
_sprintf                  text1        01B3
_sprintf$1168             cstackBANK1  00AA
_uni                      bssBANK1     00D3
_valADC                   bssBANK1     00D9
_valADC2                  bssBANK1     00D6
btemp                     (abs)        007E
clear_ram0                clrtext      18E3
descomponer@cent          cstackBANK0  002A
descomponer@dec           cstackBANK0  002C
descomponer@num           cstackBANK0  0026
descomponer@pos           cstackBANK0  0024
descomponer@uni           cstackBANK0  002B
end_of_initialization     cinit        07FC
fround@prec               cstackBANK0  0051
intlevel0                 functab      0000
intlevel1                 functab      0000
intlevel2                 functab      0000
intlevel3                 functab      0000
intlevel4                 functab      0000
intlevel5                 functab      0000
inttochar@num             cstackCOMMON 0070
isdigit@c                 cstackCOMMON 0071
reset_vec                 reset_vec    0000
scale@scl                 cstackBANK0  0050
setupINTOSC@IRCF          cstackCOMMON 0070
spiInit@sClockIdle        cstackCOMMON 0071
spiInit@sDataSample       cstackCOMMON 0070
spiInit@sTransmitEdge     cstackCOMMON 0072
spiInit@sType             cstackCOMMON 0073
spiWrite@dat              cstackCOMMON 0070
sprintf@ap                cstackBANK1  00AE
sprintf@c                 cstackBANK1  00C2
sprintf@eexp              cstackBANK1  00B5
sprintf@f                 cstackBANK1  00A0
sprintf@flag              cstackBANK1  00AF
sprintf@fval              cstackBANK1  00BE
sprintf@prec              cstackBANK1  00BC
sprintf@sp                cstackBANK1  00BB
sprintf@tmpval            cstackBANK1  00B7
sprintf@val               cstackBANK1  00B1
start                     init         0000
start_initialization      cinit        07F3
wtemp0                    (abs)        007E


MODULE INFORMATION

Module		Function		Class		Link	Load	Size
C:\Program Files\Microchip\xc8\v2.40\pic\sources\c90\common\fltol.c
		___fltol       		CODE           	1014	0000	120

C:\Program Files\Microchip\xc8\v2.40\pic\sources\c90\common\fltol.c estimated size: 120

conversiones.c
		_inttochar     		CODE           	1B44	0000	80
		_descomponer   		CODE           	1CFD	0000	97

conversiones.c estimated size: 177

C:\Program Files\Microchip\xc8\v2.40\pic\sources\c90\common\awdiv.c
		___awdiv       		CODE           	1DC4	0000	105

C:\Program Files\Microchip\xc8\v2.40\pic\sources\c90\common\awdiv.c estimated size: 105

C:\Program Files\Microchip\xc8\v2.40\pic\sources\c90\common\sprcmul.c
		___flmul       		CODE           	095C	0000	837

C:\Program Files\Microchip\xc8\v2.40\pic\sources\c90\common\sprcmul.c estimated size: 837

C:\Program Files\Microchip\xc8\v2.40\pic\sources\c90\common\__lldiv.c
		___lldiv       		CODE           	1D5E	0000	102

C:\Program Files\Microchip\xc8\v2.40\pic\sources\c90\common\__lldiv.c estimated size: 102

C:\Program Files\Microchip\xc8\v2.40\pic\sources\c90\common\flneg.c
		___flneg       		CODE           	18F4	0000	11

C:\Program Files\Microchip\xc8\v2.40\pic\sources\c90\common\flneg.c estimated size: 11

C:\Program Files\Microchip\xc8\v2.40\pic\sources\c90\common\sprcdiv.c
		___fldiv       		CODE           	1E2D	0000	467

C:\Program Files\Microchip\xc8\v2.40\pic\sources\c90\common\sprcdiv.c estimated size: 467

C:\Program Files\Microchip\xc8\v2.40\pic\sources\c90\common\fleq.c
		___fleq        		CODE           	1AF6	0000	78

C:\Program Files\Microchip\xc8\v2.40\pic\sources\c90\common\fleq.c estimated size: 78

C:\Program Files\Microchip\xc8\v2.40\pic\sources\c90\common\Umul8_16.c
		__Umul8_16     		CODE           	19C9	0000	39

C:\Program Files\Microchip\xc8\v2.40\pic\sources\c90\common\Umul8_16.c estimated size: 39

C:\Program Files\Microchip\xc8\v2.40\pic\sources\c90\common\doprnt.c
		_scale         		CODE           	0CA1	0000	863
		_sprintf       		CODE           	01B3	0000	1600
		_fround        		CODE           	1143	0000	523

C:\Program Files\Microchip\xc8\v2.40\pic\sources\c90\common\doprnt.c estimated size: 2986

oscilador.c
		_setupINTOSC   		CODE           	1C9E	0000	95

oscilador.c estimated size: 95

C:\Program Files\Microchip\xc8\v2.40\pic\sources\c90\common\ftdivl.c
		__tdiv_to_l_   		CODE           	108C	0000	183

C:\Program Files\Microchip\xc8\v2.40\pic\sources\c90\common\ftdivl.c estimated size: 183

C:\Program Files\Microchip\xc8\v2.40\pic\sources\c90\common\Umul16.c
		___wmul        		CODE           	19A4	0000	37

C:\Program Files\Microchip\xc8\v2.40\pic\sources\c90\common\Umul16.c estimated size: 37

C:\Program Files\Microchip\xc8\v2.40\pic\sources\c90\common\lwmod.c
		___lwmod       		CODE           	19F0	0000	58

C:\Program Files\Microchip\xc8\v2.40\pic\sources\c90\common\lwmod.c estimated size: 58

shared
		__stringtab    		STRING         	0003	0000	16
		__powers_      		STRING         	0013	0000	52
		_dpowers       		STRING         	007B	0000	40
		__npowers_     		STRING         	0047	0000	52
		__initialization		CODE           	07F3	0000	9

shared estimated size: 169

C:\Program Files\Microchip\xc8\v2.40\pic\sources\c90\common\llmod.c
		___llmod       		CODE           	1B94	0000	84

C:\Program Files\Microchip\xc8\v2.40\pic\sources\c90\common\llmod.c estimated size: 84

C:\Program Files\Microchip\xc8\v2.40\pic\sources\c90\common\isdigit.c
		_isdigit       		CODE           	1002	0000	18

C:\Program Files\Microchip\xc8\v2.40\pic\sources\c90\common\isdigit.c estimated size: 18

C:\Program Files\Microchip\xc8\v2.40\pic\sources\c90\common\sprcadd.c
		___flsub       		CODE           	1980	0000	36
		___fladd       		CODE           	134E	0000	600

C:\Program Files\Microchip\xc8\v2.40\pic\sources\c90\common\sprcadd.c estimated size: 636

SPI.c
		_spiWrite      		CODE           	18D6	0000	6
		_spiInit       		CODE           	190C	0000	22
		_spiReceiveWait		CODE           	18DC	0000	7
		_spiRead       		CODE           	18EB	0000	9

SPI.c estimated size: 44

C:\Program Files\Microchip\xc8\v2.40\pic\sources\c90\common\awmod.c
		___awmod       		CODE           	1BE8	0000	89

C:\Program Files\Microchip\xc8\v2.40\pic\sources\c90\common\awmod.c estimated size: 89

C:\Program Files\Microchip\xc8\v2.40\pic\sources\c90\common\flge.c
		___flge        		CODE           	0802	0000	162

C:\Program Files\Microchip\xc8\v2.40\pic\sources\c90\common\flge.c estimated size: 162

main.c
		_main          		CODE           	15A6	0000	602
		_portsetup     		CODE           	195E	0000	34

main.c estimated size: 636

C:\Program Files\Microchip\xc8\v2.40\pic\sources\c90\common\fldivl.c
		__div_to_l_    		CODE           	00FB	0000	184

C:\Program Files\Microchip\xc8\v2.40\pic\sources\c90\common\fldivl.c estimated size: 184

C:\Program Files\Microchip\xc8\v2.40\pic\sources\c90\common\lwdiv.c
		___lwdiv       		CODE           	1A6C	0000	68

C:\Program Files\Microchip\xc8\v2.40\pic\sources\c90\common\lwdiv.c estimated size: 68

C:\Program Files\Microchip\xc8\v2.40\pic\sources\c90\common\xxtofl.c
		___xxtofl      		CODE           	08A4	0000	184

C:\Program Files\Microchip\xc8\v2.40\pic\sources\c90\common\xxtofl.c estimated size: 184

LCD.c
		_Lcd_Write_String		CODE           	1A2A	0000	66
		_Lcd_Init      		CODE           	1C41	0000	93
		_Lcd_Write_Char		CODE           	00C8	0000	51
		_Lcd_Cmd       		CODE           	1922	0000	26
		_Lcd_Set_Cursor		CODE           	1AB0	0000	70
		_Lcd_Clear     		CODE           	18FF	0000	13
		_Lcd_Port      		CODE           	193C	0000	34

LCD.c estimated size: 353

